This is pdfTeX, Version 3.14159265-2.6-1.40.19 (MiKTeX 2.9.6930 64-bit) (preloaded format=pdflatex 2019.2.12)  12 FEB 2019 15:17
entering extended mode
**./test.tex
(test.tex
LaTeX2e <2018-12-01>
)
*
(Please type a command or say `\end')
*\end

*